<?xml version="1.0" encoding="utf-8"?><testsuites><testsuite name="pytest" errors="0" failures="0" skipped="1" tests="2" time="0.237" timestamp="2023-11-08T06:33:21.181366" hostname="DESKTOP-6MV0H3S"><testcase classname="tests.SimpleTest" name="test_pass" time="0.001" /><testcase classname="tests.SimpleTest" name="test_skipped" time="0.001"><skipped type="pytest.skip" message="demonstrating skipping">C:\Users\amerigo\Documents\GitHub\jenkinsWindows\tests.py:10: demonstrating skipping</skipped></testcase></testsuite></testsuites>